Microchip MPLAB XC8 Compiler V1.34 ()

Linker command line:

--edf=C:\Program Files (x86)\Microchip\xc8\v1.34\dat\en_msgs.txt -cs \
  -h+dist/default/production\Monografia_Rios.X.production.sym \
  --cmf=dist/default/production\Monografia_Rios.X.production.cmf -z \
  -Q18F26J50 -oC:\Users\ri_an\AppData\Local\Temp\s8ik.6 \
  -Mdist/default/production/Monografia_Rios.X.production.map -E1 -ver=XC8 \
  -ASTACK=0110h-0ebfh -pstack=STACK -ACODE=00h-0FFF7h -ACONST=00h-0FFF7h \
  -ASMALLCONST=0F00h-0FFFhx240,0FF00h-0FFF7h -AMEDIUMCONST=0F00h-0FFF7h \
  -ACOMRAM=01h-05Fh -AABS1=00h-0EBFh -ABIGRAM=01h-0EBFh \
  -ARAM=060h-0FFh,0100h-01FFhx13,0E00h-0EBFh -ABANK0=060h-0FFh \
  -ABANK1=0100h-01FFh -ABANK2=0200h-02FFh -ABANK3=0300h-03FFh \
  -ABANK4=0400h-04FFh -ABANK5=0500h-05FFh -ABANK6=0600h-06FFh \
  -ABANK7=0700h-07FFh -ABANK8=0800h-08FFh -ABANK9=0900h-09FFh \
  -ABANK10=0A00h-0AFFh -ABANK11=0B00h-0BFFh -ABANK12=0C00h-0CFFh \
  -ABANK13=0D00h-0DFFh -ABANK14=0E00h-0EBFh \
  -ASFR=0EC0h-0EFFh,0F00h-0F5Fh,0F60h-0FFFh \
  -preset_vec=00h,intcode,intcodelo,powerup,init,end_init -pramtop=0F00h \
  -psmallconst=SMALLCONST -pmediumconst=MEDIUMCONST -pconst=CONST \
  -AFARRAM=00h-00h -ACONFIG=0FFF8h-0FFFFh -pconfig=CONFIG \
  -pjflash_buffer=0F800h \
  -prdata=COMRAM,nvrram=COMRAM,nvbit=COMRAM,rbss=COMRAM,rbit=COMRAM \
  -pfarbss=FARRAM,fardata=FARRAM,nvFARRAM=FARRAM \
  -pintsave_regs=BIGRAM,bigbss=BIGRAM,bigdata=BIGRAM -pbss=RAM \
  -pidata=CODE,irdata=CODE,ibigdata=CODE,ifardata=CODE -prparam=COMRAM \
  C:\Users\ri_an\AppData\Local\Temp\s8ik.obj \
  dist/default/production\Monografia_Rios.X.production.obj 

Object code version is 3.11

Machine type is 18F26J50

Call graph: (short form)




                Name                               Link     Load   Length Selector   Space Scale
C:\Users\ri_an\AppData\Local\Temp\s8ik.obj
                end_init                              0        0        4        0       0
                config                             FFF8     FFF8        8     FFF8       0
dist/default/production\Monografia_Rios.X.production.obj
                mediumconst                        FE28     FE28      1D0     7F14       0
                text48                             CE42     CE42      124     6721       0
                text47                             CD24     CD24      11E     6692       0
                text46                             C396     C396       94     61CB       0
                text45                             C42A     C42A       96     6215       0
                text44                             BEDE     BEDE       24     5F6F       0
                text43                             C77C     C77C       C6     63BE       0
                text42                             DC8C     DC8C      1C4     6E46       0
                text41                             BFFA     BFFA       44     5FFD       0
                text40                             CA14     CA14      102     650A       0
                text39                             C27C     C27C       8C     613E       0
                text38                             C10C     C10C       70     6086       0
                text37                             C03E     C03E       60     601F       0
                text36                             D2F0     D2F0      134     6978       0
                text35                             D424     D424      13A     6A12       0
                text34                             C4C0     C4C0       96     6260       0
                text33                             C1FA     C1FA       82     60FD       0
                text32                             CB16     CB16      102     658B       0
                text31                             BF28     BF28       28     5F94       0
                text30                             DE50     DE50      24E     6F28       0
                text29                             BEBC     BEBC       22     5F5E       0
                text28                             EC70     EC70      3FE     7638       0
                text27                             F06E     F06E      DBA     7837       0
                text26                             C926     C926       EE     6493       0
                text25                             BE78     BE78       12     5F3C       0
                text24                             D55E     D55E      146     6AAF       0
                text23                             CC18     CC18      10C     660C       0
                text22                             DAF0     DAF0      19C     6D78       0
                text21                             D08C     D08C      132     6846       0
                text20                             D1BE     D1BE      132     68DF       0
                text19                             E906     E906      36A     7483       0
                text18                             E09E     E09E      27A     704F       0
                text17                             E5D6     E5D6      330     72EB       0
                text16                             C556     C556       AE     62AB       0
                text15                             C308     C308       8E     6184       0
                text14                             C09E     C09E       6E     604F       0
                text13                             D6A4     D6A4      146     6B52       0
                text12                             E318     E318      2BE     718C       0
                text11                             BF7C     BF7C       3C     5FBE       0
                text10                             C842     C842       E4     6421       0
                text9                              BEA2     BEA2       1A     5F51       0
                text8                              BF50     BF50       2C     5FA8       0
                text7                              BE6C     BE6C        C     5F36       0
                text6                              C6BA     C6BA       C2     635D       0
                text5                              D95A     D95A      196     6CAD       0
                text4                              BF02     BF02       26     5F81       0
                text3                              C604     C604       B6     6302       0
                text2                              D7EA     D7EA      170     6BF5       0
                text1                              CF66     CF66      126     67B3       0
                text0                              C17C     C17C       7E     60BE       0
                cstackCOMRAM                          1        1       5F        1       1
                cstackBANK0                          60       60       3C       60       1
                bssBANK1                            100      100       10      100       1
                dataBANK0                            D6       D6       17       60       1
                bssBANK0                             9C       9C       3A       60       1
                cinit                              BFB8     BFB8       42     5FDC       0
                nvBANK0                              ED       ED        D       60       1
                idataBANK0                         BE8B     BE8B       17     BE8B       0

TOTAL           Name                               Link     Load   Length     Space
        CLASS   STACK          

        CLASS   CODE           
                end_init                              0        0        4         0
                text48                             CE42     CE42      124         0
                text47                             CD24     CD24      11E         0
                text46                             C396     C396       94         0
                text45                             C42A     C42A       96         0
                text44                             BEDE     BEDE       24         0
                text43                             C77C     C77C       C6         0
                text42                             DC8C     DC8C      1C4         0
                text41                             BFFA     BFFA       44         0
                text40                             CA14     CA14      102         0
                text39                             C27C     C27C       8C         0
                text38                             C10C     C10C       70         0
                text37                             C03E     C03E       60         0
                text36                             D2F0     D2F0      134         0
                text35                             D424     D424      13A         0
                text34                             C4C0     C4C0       96         0
                text33                             C1FA     C1FA       82         0
                text32                             CB16     CB16      102         0
                text31                             BF28     BF28       28         0
                text30                             DE50     DE50      24E         0
                text29                             BEBC     BEBC       22         0
                text28                             EC70     EC70      3FE         0
                text27                             F06E     F06E      DBA         0
                text26                             C926     C926       EE         0
                text25                             BE78     BE78       12         0
                text24                             D55E     D55E      146         0
                text23                             CC18     CC18      10C         0
                text22                             DAF0     DAF0      19C         0
                text21                             D08C     D08C      132         0
                text20                             D1BE     D1BE      132         0
                text19                             E906     E906      36A         0
                text18                             E09E     E09E      27A         0
                text17                             E5D6     E5D6      330         0
                text16                             C556     C556       AE         0
                text15                             C308     C308       8E         0
                text14                             C09E     C09E       6E         0
                text13                             D6A4     D6A4      146         0
                text12                             E318     E318      2BE         0
                text11                             BF7C     BF7C       3C         0
                text10                             C842     C842       E4         0
                text9                              BEA2     BEA2       1A         0
                text8                              BF50     BF50       2C         0
                text7                              BE6C     BE6C        C         0
                text6                              C6BA     C6BA       C2         0
                text5                              D95A     D95A      196         0
                text4                              BF02     BF02       26         0
                text3                              C604     C604       B6         0
                text2                              D7EA     D7EA      170         0
                text1                              CF66     CF66      126         0
                text0                              C17C     C17C       7E         0
                cinit                              BFB8     BFB8       42         0
                idataBANK0                         BE8B     BE8B       17         0

        CLASS   CONST          

        CLASS   SMALLCONST     

        CLASS   MEDIUMCONST    
                mediumconst                        FE28     FE28      1D0         0

        CLASS   COMRAM         
                cstackCOMRAM                          1        1       5F         1

        CLASS   ABS1           

        CLASS   BIGRAM         

        CLASS   RAM            

        CLASS   BANK0          
                cstackBANK0                          60       60       3C         1
                dataBANK0                            D6       D6       17         1
                bssBANK0                             9C       9C       3A         1
                nvBANK0                              ED       ED        D         1

        CLASS   BANK1          
                bssBANK1                            100      100       10         1

        CLASS   BANK2          

        CLASS   BANK3          

        CLASS   BANK4          

        CLASS   BANK5          

        CLASS   BANK6          

        CLASS   BANK7          

        CLASS   BANK8          

        CLASS   BANK9          

        CLASS   BANK10         

        CLASS   BANK11         

        CLASS   BANK12         

        CLASS   BANK13         

        CLASS   BANK14         

        CLASS   SFR            

        CLASS   FARRAM         

        CLASS   CONFIG         
                config                             FFF8     FFF8        8         0

        CLASS   IDLOC          



SEGMENTS        Name                           Load    Length   Top    Selector   Space  Class

                reset_vec                      000000  000004  000004         0       0  CODE    
                cstackCOMRAM                   000001  00005F  000060         1       1  COMRAM  
                cstackBANK0                    000060  00009A  0000FA        60       1  BANK0   
                bssBANK1                       000100  000010  000110       100       1  BANK1   
                text7                          00BE6C  00000C  00BE78      5F36       0  CODE    
                text25                         00BE78  000012  00BE8A      5F3C       0  CODE    
                idataBANK0                     00BE8B  000017  00BEA2      BE8B       0  CODE    
                text9                          00BEA2  00001A  00BEBC      5F51       0  CODE    
                text29                         00BEBC  000022  00BEDE      5F5E       0  CODE    
                text44                         00BEDE  000024  00BF02      5F6F       0  CODE    
                text4                          00BF02  000026  00BF28      5F81       0  CODE    
                text31                         00BF28  000028  00BF50      5F94       0  CODE    
                text8                          00BF50  00002C  00BF7C      5FA8       0  CODE    
                text11                         00BF7C  00003C  00BFB8      5FBE       0  CODE    
                cinit                          00BFB8  000042  00BFFA      5FDC       0  CODE    
                text41                         00BFFA  000044  00C03E      5FFD       0  CODE    
                text37                         00C03E  000060  00C09E      601F       0  CODE    
                text14                         00C09E  00006E  00C10C      604F       0  CODE    
                text38                         00C10C  000070  00C17C      6086       0  CODE    
                text0                          00C17C  00007E  00C1FA      60BE       0  CODE    
                text33                         00C1FA  000082  00C27C      60FD       0  CODE    
                text39                         00C27C  00008C  00C308      613E       0  CODE    
                text15                         00C308  00008E  00C396      6184       0  CODE    
                text46                         00C396  000094  00C42A      61CB       0  CODE    
                text45                         00C42A  000096  00C4C0      6215       0  CODE    
                text34                         00C4C0  000096  00C556      6260       0  CODE    
                text16                         00C556  0000AE  00C604      62AB       0  CODE    
                text3                          00C604  0000B6  00C6BA      6302       0  CODE    
                text6                          00C6BA  0000C2  00C77C      635D       0  CODE    
                text43                         00C77C  0000C6  00C842      63BE       0  CODE    
                text10                         00C842  0000E4  00C926      6421       0  CODE    
                text26                         00C926  0000EE  00CA14      6493       0  CODE    
                text40                         00CA14  000102  00CB16      650A       0  CODE    
                text32                         00CB16  000102  00CC18      658B       0  CODE    
                text23                         00CC18  00010C  00CD24      660C       0  CODE    
                text47                         00CD24  00011E  00CE42      6692       0  CODE    
                text48                         00CE42  000124  00CF66      6721       0  CODE    
                text1                          00CF66  000126  00D08C      67B3       0  CODE    
                text21                         00D08C  000132  00D1BE      6846       0  CODE    
                text20                         00D1BE  000132  00D2F0      68DF       0  CODE    
                text36                         00D2F0  000134  00D424      6978       0  CODE    
                text35                         00D424  00013A  00D55E      6A12       0  CODE    
                text24                         00D55E  000146  00D6A4      6AAF       0  CODE    
                text13                         00D6A4  000146  00D7EA      6B52       0  CODE    
                text2                          00D7EA  000170  00D95A      6BF5       0  CODE    
                text5                          00D95A  000196  00DAF0      6CAD       0  CODE    
                text22                         00DAF0  00019C  00DC8C      6D78       0  CODE    
                text42                         00DC8C  0001C4  00DE50      6E46       0  CODE    
                text30                         00DE50  00024E  00E09E      6F28       0  CODE    
                text18                         00E09E  00027A  00E318      704F       0  CODE    
                text12                         00E318  0002BE  00E5D6      718C       0  CODE    
                text17                         00E5D6  000330  00E906      72EB       0  CODE    
                text19                         00E906  00036A  00EC70      7483       0  CODE    
                text28                         00EC70  0003FE  00F06E      7638       0  CODE    
                text27                         00F06E  000DBA  00FE28      7837       0  CODE    
                mediumconst                    00FE28  0001D0  00FFF8      7F14       0  MEDIUMCO
                config                         00FFF8  000008  010000      FFF8       0  CONFIG  


UNUSED ADDRESS RANGES

        Name                Unused          Largest block    Delta
        BANK0            000FA-000FF               6
        BANK1            00110-001FF              F0
        BANK10           00A00-00AFF             100
        BANK11           00B00-00BFF             100
        BANK12           00C00-00CFF             100
        BANK13           00D00-00DFF             100
        BANK14           00E00-00EBF              C0
        BANK2            00200-002FF             100
        BANK3            00300-003FF             100
        BANK4            00400-004FF             100
        BANK5            00500-005FF             100
        BANK6            00600-006FF             100
        BANK7            00700-007FF             100
        BANK8            00800-008FF             100
        BANK9            00900-009FF             100
        BIGRAM           000FA-000FF               6
                         00110-00EBF             DB0
        CODE             00004-0BE6B            BE68
                         0BE8A-0BE8A               1
        CONST            00004-0BE6B            BE68
                         0BE8A-0BE8A               1
        MEDIUMCONST      00F00-0BE6B            AF6C
                         0BE8A-0BE8A               1
        RAM              000FA-000FF               6
                         00110-00EBF             100
        SFR              00EC0-00FFF              60
        SMALLCONST       00F00-0BE6B             100
                         0BE8A-0BE8A               1
        STACK            00110-00EBF             DB0

                                  Symbol Table

?_Seleccionar_Dato                  cstackCOMRAM  00055
?___awdiv                           cstackCOMRAM  00007
?___awmod                           cstackCOMRAM  00001
?___awtoft                          cstackCOMRAM  00009
?___ftadd                           cstackCOMRAM  0002E
?___ftmul                           cstackCOMRAM  00015
?___ftneg                           cstackCOMRAM  00001
?___ftpack                          cstackCOMRAM  00001
?___ftsub                           cstackCOMRAM  0003A
?___fttol                           cstackCOMRAM  0002B
?___lbtoft                          cstackCOMRAM  00009
?___lldiv                           cstackCOMRAM  00001
?___llmod                           cstackCOMRAM  0000E
?___lltoft                          cstackCOMRAM  00009
?___wmul                            cstackCOMRAM  0000F
?__div_to_l_                        cstackCOMRAM  00001
?__tdiv_to_l_                       cstackCOMRAM  00001
?_fround                            cstackCOMRAM  00024
?_scale                             cstackCOMRAM  00024
?_sprintf                           cstackCOMRAM  00043
Actualiza_datos@i                   cstackCOMRAM  00046
Configurar_Dia@estado               cstackCOMRAM  00057
Configurar_Fecha@aux_fecha          cstackBANK0   00081
Configurar_Fecha@config_fecha       cstackBANK0   00095
Configurar_Fecha@estado             cstackBANK0   0008F
Configurar_Fecha@estado_1187        cstackBANK0   00093
Configurar_Fecha@estado_1191        cstackBANK0   00091
Configurar_Fecha@inicio             cstackBANK0   00083
Configurar_Fecha@inicio_1188        cstackBANK0   00087
Configurar_Fecha@inicio_1192        cstackBANK0   0008B
Configurar_Fecha@limite             cstackBANK0   00085
Configurar_Fecha@limite_1189        cstackBANK0   00089
Configurar_Fecha@limite_1193        cstackBANK0   0008D
Configurar_Fecha@opcion             cstackBANK0   0007F
Configurar_Hora@aux_hora            cstackBANK0   00081
Configurar_Hora@config_hora         cstackBANK0   0008F
Configurar_Hora@estado              cstackBANK0   0008B
Configurar_Hora@estado_1203         cstackBANK0   0008D
Configurar_Hora@inicio              cstackBANK0   00083
Configurar_Hora@inicio_1204         cstackBANK0   00087
Configurar_Hora@limite              cstackBANK0   00085
Configurar_Hora@limite_1205         cstackBANK0   00089
Configurar_Hora@opcion              cstackBANK0   0007F
Configurar_Hora_Grl@aux_hora        cstackBANK0   00081
Configurar_Hora_Grl@columna_i       cstackBANK0   00085
Configurar_Hora_Grl@config_hora     cstackBANK0   0008B
Configurar_Hora_Grl@estado          cstackBANK0   00089
Configurar_Hora_Grl@estado_1256     cstackBANK0   0008D
Configurar_Hora_Grl@fila_i          cstackBANK0   00083
Configurar_Hora_Grl@inicio          cstackBANK0   0008F
Configurar_Hora_Grl@inicio_1257     cstackBANK0   00093
Configurar_Hora_Grl@limite          cstackBANK0   00091
Configurar_Hora_Grl@limite_1258     cstackBANK0   00095
Configurar_Hora_Grl@opcion          cstackBANK0   0007F
Configurar_Hora_Grl@tipo_hora       cstackBANK0   00087
Configurar_Pantalla@tipo_hora       cstackBANK0   00097
Configurar_Pantalla@tipo_hora_1171  cstackBANK0   00099
Encender_Aire_Calefaccion@aux_temp  cstackCOMRAM  00043
Lcd_Chr_CP@data                     cstackCOMRAM  00003
Lcd_Cmd@data                        cstackCOMRAM  00003
Lcd_Init@data                       cstackCOMRAM  00005
Lcd_Out@buffer                      cstackCOMRAM  00005
Lcd_Out@data                        cstackCOMRAM  00008
Lcd_Out@x                           cstackCOMRAM  00004
Lcd_Out@y                           cstackCOMRAM  00007
Mostrar_DiaYfecha@columna           cstackCOMRAM  00057
Mostrar_DiaYfecha@fila              cstackCOMRAM  00055
Programar_Temperatura@estado        cstackBANK0   0007F
RtccReadDate@pDt                    cstackCOMRAM  00001
RtccReadDate@rTD0                   cstackCOMRAM  0000B
RtccReadDate@rTD1                   cstackCOMRAM  00003
RtccReadTime@pTm                    cstackCOMRAM  00001
RtccReadTime@rTD0                   cstackCOMRAM  0000B
RtccReadTime@rTD1                   cstackCOMRAM  00003
RtccWriteDate@di                    cstackCOMRAM  00003
RtccWriteDate@pDt                   cstackCOMRAM  00001
RtccWriteDate@tempDayMonth          cstackCOMRAM  0000A
RtccWriteDate@tempHourWDay          cstackCOMRAM  0000C
RtccWriteDate@tempYear              cstackCOMRAM  00007
RtccWriteDate@wasAlrm               cstackCOMRAM  00006
RtccWriteDate@wasOn                 cstackCOMRAM  00005
RtccWriteDate@wasWrEn               cstackCOMRAM  00009
RtccWriteTime@di                    cstackCOMRAM  00003
RtccWriteTime@pTm                   cstackCOMRAM  00001
RtccWriteTime@tempHourWDay          cstackCOMRAM  0000A
RtccWriteTime@tempMinSec            cstackCOMRAM  00008
RtccWriteTime@wasAlrm               cstackCOMRAM  00006
RtccWriteTime@wasOn                 cstackCOMRAM  00005
RtccWriteTime@wasWrEn               cstackCOMRAM  00007
Seleccionar_Dato@columna            cstackCOMRAM  00059
Seleccionar_Dato@dato               cstackBANK0   0007D
Seleccionar_Dato@datos              cstackCOMRAM  00055
Seleccionar_Dato@fila               cstackCOMRAM  00057
Seleccionar_Dato@inicio             cstackCOMRAM  0005B
Seleccionar_Dato@limite             cstackCOMRAM  0005D
_ADCON0                             (abs)         00FC2
_ADCON0bits                         (abs)         00FC2
_ADCON1                             (abs)         00FC1
_ADRESH                             (abs)         00FC4
_ALRMCFGbits                        (abs)         00F91
_ANCON0                             (abs)         00F48
_ANCON1                             (abs)         00F49
_Actualiza_datos                    text8         0BF50
_Configurar_Dia                     text21        0D08C
_Configurar_Fecha                   text19        0E906
_Configurar_Hora                    text18        0E09E
_Configurar_Hora_Grl                text17        0E5D6
_Configurar_Pantalla                text12        0E318
_Conseguir_Dia                      text26        0C926
_EECON2                             (abs)         00FA7
_Encender_Aire_Calefaccion          text10        0C842
_Encender_Alarma                    text7         0BE6C
_Encender_vidriera                  text6         0C6BA
_INTCONbits                         (abs)         00FF2
_Iniciar_Display                    text2         0D7EA
_LATAbits                           (abs)         00F89
_LATBbits                           (abs)         00F8A
_LATCbits                           (abs)         00F8B
_Lcd_Chr_CP                         text48        0CE42
_Lcd_Cmd                            text47        0CD24
_Lcd_Init                           text1         0CF66
_Lcd_Out                            text46        0C396
_Mostrar_DiaYfecha                  text5         0D95A
_OSCCONbits                         (abs)         00FD3
_OSCTUNEbits                        (abs)         00F9B
_PIE3bits                           (abs)         00FA3
_PORTAbits                          (abs)         00F80
_PORTCbits                          (abs)         00F82
_Programar_Temperatura              text16        0C556
_RTCCFG                             (abs)         00F3F
_RTCCFGbits                         (abs)         00F3F
_RTCVALH                            (abs)         00F99
_RTCVALL                            (abs)         00F98
_Read_RTC                           text13        0D6A4
_RtccAlrmTimeDate                   bssBANK1      00100
_RtccDate                           bssBANK0      000CD
_RtccReadDate                       text15        0C308
_RtccReadTime                       text14        0C09E
_RtccTime                           bssBANK0      000D1
_RtccTimeDate                       bssBANK0      0009C
_RtccTimeVal                        bssBANK0      000A4
_RtccWrOn                           text25        0BE78
_RtccWriteDate                      text24        0D55E
_RtccWriteTime                      text23        0CC18
_Rtcc_read_TimeDate                 bssBANK1      00108
_Seleccionar_Dato                   text20        0D1BE
_T1CONbits                          (abs)         00FCD
_TRISA                              (abs)         00F92
_TRISB                              (abs)         00F93
_TRISBbits                          (abs)         00F93
_TRISC                              (abs)         00F94
_Write_RTC                          text22        0DAF0
__CFG_CP0$OFF                       (abs)         00000
__CFG_CPUDIV$OSC1                   (abs)         00000
__CFG_DSBOREN$OFF                   (abs)         00000
__CFG_DSWDTEN$OFF                   (abs)         00000
__CFG_DSWDTOSC$INTOSCREF            (abs)         00000
__CFG_DSWDTPS$G2                    (abs)         00000
__CFG_FCMEN$OFF                     (abs)         00000
__CFG_IESO$OFF                      (abs)         00000
__CFG_IOL1WAY$OFF                   (abs)         00000
__CFG_LPT1OSC$OFF                   (abs)         00000
__CFG_MSSP7B_EN$MSK7                (abs)         00000
__CFG_OSC$INTOSC                    (abs)         00000
__CFG_PLLDIV$1                      (abs)         00000
__CFG_RTCOSC$T1OSCREF               (abs)         00000
__CFG_STVREN$ON                     (abs)         00000
__CFG_T1DIG$ON                      (abs)         00000
__CFG_WDTEN$OFF                     (abs)         00000
__CFG_WDTPS$32768                   (abs)         00000
__CFG_WPCFG$OFF                     (abs)         00000
__CFG_WPDIS$OFF                     (abs)         00000
__CFG_XINST$OFF                     (abs)         00000
__HRAM                              (abs)         00000
__Habs1                             abs1          00000
__Hbank0                            bank0         00000
__Hbank1                            bank1         00000
__Hbank10                           bank10        00000
__Hbank11                           bank11        00000
__Hbank12                           bank12        00000
__Hbank13                           bank13        00000
__Hbank14                           bank14        00000
__Hbank2                            bank2         00000
__Hbank3                            bank3         00000
__Hbank4                            bank4         00000
__Hbank5                            bank5         00000
__Hbank6                            bank6         00000
__Hbank7                            bank7         00000
__Hbank8                            bank8         00000
__Hbank9                            bank9         00000
__Hbigbss                           bigbss        00000
__Hbigdata                          bigdata       00000
__Hbigram                           bigram        00000
__Hbss                              bss           00000
__HbssBANK0                         bssBANK0      00000
__HbssBANK1                         bssBANK1      00000
__Hcinit                            cinit         00000
__Hclrtext                          clrtext       00000
__Hcomram                           comram        00000
__Hconfig                           config        10000
__Hconst                            const         00000
__HcstackBANK0                      cstackBANK0   00000
__HcstackCOMRAM                     cstackCOMRAM  00000
__Hdata                             data          00000
__HdataBANK0                        dataBANK0     00000
__Hend_init                         end_init      00004
__Hfarbss                           farbss        00000
__Hfardata                          fardata       00000
__Hibigdata                         ibigdata      00000
__Hidata                            idata         00000
__HidataBANK0                       idataBANK0    00000
__Hidloc                            idloc         00000
__Hifardata                         ifardata      00000
__Hinit                             init          00000
__Hintcode                          intcode       00000
__Hintcode_body                     intcode_body  00000
__Hintcodelo                        intcodelo     00000
__Hintentry                         intentry      00000
__Hintret                           intret        00000
__Hintsave_regs                     intsave_regs  00000
__Hirdata                           irdata        00000
__Hjflash_buffer                    jflash_buffer 0F800
__Hmediumconst                      mediumconst   0FFF8
__HnvBANK0                          nvBANK0       00000
__HnvFARRAM                         nvFARRAM      00000
__Hnvbit                            nvbit         00000
__Hnvrram                           nvrram        00000
__Hparam                            rparam        00000
__Hpowerup                          powerup       00000
__Hram                              ram           00000
__Hramtop                           ramtop        00F00
__Hrbit                             rbit          00000
__Hrbss                             rbss          00000
__Hrdata                            rdata         00000
__Hreset_vec                        reset_vec     00000
__Hrparam                           rparam        00000
__Hsfr                              sfr           00000
__Hsmallconst                       smallconst    00000
__Hspace_0                          (abs)         10000
__Hspace_1                          (abs)         00110
__Hspace_2                          (abs)         00000
__Hstack                            stack         00000
__Hstruct                           struct        00000
__Htemp                             temp          00000
__Htext                             text          00000
__Htext0                            text0         00000
__Htext1                            text1         00000
__Htext10                           text10        00000
__Htext11                           text11        00000
__Htext12                           text12        00000
__Htext13                           text13        00000
__Htext14                           text14        00000
__Htext15                           text15        00000
__Htext16                           text16        00000
__Htext17                           text17        00000
__Htext18                           text18        00000
__Htext19                           text19        00000
__Htext2                            text2         00000
__Htext20                           text20        00000
__Htext21                           text21        00000
__Htext22                           text22        00000
__Htext23                           text23        00000
__Htext24                           text24        00000
__Htext25                           text25        00000
__Htext26                           text26        00000
__Htext27                           text27        00000
__Htext28                           text28        00000
__Htext29                           text29        00000
__Htext3                            text3         00000
__Htext30                           text30        00000
__Htext31                           text31        00000
__Htext32                           text32        00000
__Htext33                           text33        00000
__Htext34                           text34        00000
__Htext35                           text35        00000
__Htext36                           text36        00000
__Htext37                           text37        00000
__Htext38                           text38        00000
__Htext39                           text39        00000
__Htext4                            text4         00000
__Htext40                           text40        00000
__Htext41                           text41        00000
__Htext42                           text42        00000
__Htext43                           text43        00000
__Htext44                           text44        00000
__Htext45                           text45        00000
__Htext46                           text46        00000
__Htext47                           text47        00000
__Htext48                           text48        00000
__Htext5                            text5         00000
__Htext6                            text6         00000
__Htext7                            text7         00000
__Htext8                            text8         00000
__Htext9                            text9         00000
__LRAM                              (abs)         00001
__Labs1                             abs1          00000
__Lbank0                            bank0         00000
__Lbank1                            bank1         00000
__Lbank10                           bank10        00000
__Lbank11                           bank11        00000
__Lbank12                           bank12        00000
__Lbank13                           bank13        00000
__Lbank14                           bank14        00000
__Lbank2                            bank2         00000
__Lbank3                            bank3         00000
__Lbank4                            bank4         00000
__Lbank5                            bank5         00000
__Lbank6                            bank6         00000
__Lbank7                            bank7         00000
__Lbank8                            bank8         00000
__Lbank9                            bank9         00000
__Lbigbss                           bigbss        00000
__Lbigdata                          bigdata       00000
__Lbigram                           bigram        00000
__Lbss                              bss           00000
__LbssBANK0                         bssBANK0      00000
__LbssBANK1                         bssBANK1      00000
__Lcinit                            cinit         00000
__Lclrtext                          clrtext       00000
__Lcomram                           comram        00000
__Lconfig                           config        0FFF8
__Lconst                            const         00000
__LcstackBANK0                      cstackBANK0   00000
__LcstackCOMRAM                     cstackCOMRAM  00000
__Ldata                             data          00000
__LdataBANK0                        dataBANK0     00000
__Lend_init                         end_init      00000
__Lfarbss                           farbss        00000
__Lfardata                          fardata       00000
__Libigdata                         ibigdata      00000
__Lidata                            idata         00000
__LidataBANK0                       idataBANK0    00000
__Lidloc                            idloc         00000
__Lifardata                         ifardata      00000
__Linit                             init          00000
__Lintcode                          intcode       00000
__Lintcode_body                     intcode_body  00000
__Lintcodelo                        intcodelo     00000
__Lintentry                         intentry      00000
__Lintret                           intret        00000
__Lintsave_regs                     intsave_regs  00000
__Lirdata                           irdata        00000
__Ljflash_buffer                    jflash_buffer 0F800
__Lmediumconst                      mediumconst   0FE28
__LnvBANK0                          nvBANK0       00000
__LnvFARRAM                         nvFARRAM      00000
__Lnvbit                            nvbit         00000
__Lnvrram                           nvrram        00000
__Lparam                            rparam        00000
__Lpowerup                          powerup       00000
__Lram                              ram           00000
__Lramtop                           ramtop        00F00
__Lrbit                             rbit          00000
__Lrbss                             rbss          00000
__Lrdata                            rdata         00000
__Lreset_vec                        reset_vec     00000
__Lrparam                           rparam        00000
__Lsfr                              sfr           00000
__Lsmallconst                       smallconst    00000
__Lspace_0                          (abs)         00000
__Lspace_1                          (abs)         00000
__Lspace_2                          (abs)         00000
__Lstack                            stack         00000
__Lstruct                           struct        00000
__Ltemp                             temp          00000
__Ltext                             text          00000
__Ltext0                            text0         00000
__Ltext1                            text1         00000
__Ltext10                           text10        00000
__Ltext11                           text11        00000
__Ltext12                           text12        00000
__Ltext13                           text13        00000
__Ltext14                           text14        00000
__Ltext15                           text15        00000
__Ltext16                           text16        00000
__Ltext17                           text17        00000
__Ltext18                           text18        00000
__Ltext19                           text19        00000
__Ltext2                            text2         00000
__Ltext20                           text20        00000
__Ltext21                           text21        00000
__Ltext22                           text22        00000
__Ltext23                           text23        00000
__Ltext24                           text24        00000
__Ltext25                           text25        00000
__Ltext26                           text26        00000
__Ltext27                           text27        00000
__Ltext28                           text28        00000
__Ltext29                           text29        00000
__Ltext3                            text3         00000
__Ltext30                           text30        00000
__Ltext31                           text31        00000
__Ltext32                           text32        00000
__Ltext33                           text33        00000
__Ltext34                           text34        00000
__Ltext35                           text35        00000
__Ltext36                           text36        00000
__Ltext37                           text37        00000
__Ltext38                           text38        00000
__Ltext39                           text39        00000
__Ltext4                            text4         00000
__Ltext40                           text40        00000
__Ltext41                           text41        00000
__Ltext42                           text42        00000
__Ltext43                           text43        00000
__Ltext44                           text44        00000
__Ltext45                           text45        00000
__Ltext46                           text46        00000
__Ltext47                           text47        00000
__Ltext48                           text48        00000
__Ltext5                            text5         00000
__Ltext6                            text6         00000
__Ltext7                            text7         00000
__Ltext8                            text8         00000
__Ltext9                            text9         00000
__S0                                (abs)         10000
__S1                                (abs)         00110
__S2                                (abs)         00000
___awdiv                            text34        0C4C0
___awdiv@counter                    cstackCOMRAM  0000B
___awdiv@dividend                   cstackCOMRAM  00007
___awdiv@divisor                    cstackCOMRAM  00009
___awdiv@quotient                   cstackCOMRAM  0000D
___awdiv@sign                       cstackCOMRAM  0000C
___awmod                            text33        0C1FA
___awmod@counter                    cstackCOMRAM  00005
___awmod@dividend                   cstackCOMRAM  00001
___awmod@divisor                    cstackCOMRAM  00003
___awmod@sign                       cstackCOMRAM  00006
___awtoft                           text11        0BF7C
___awtoft@c                         cstackCOMRAM  00009
___awtoft@sign                      cstackCOMRAM  0000C
___ftadd                            text42        0DC8C
___ftadd@exp1                       cstackCOMRAM  00039
___ftadd@exp2                       cstackCOMRAM  00038
___ftadd@f1                         cstackCOMRAM  0002E
___ftadd@f2                         cstackCOMRAM  00031
___ftadd@sign                       cstackCOMRAM  00037
___ftge                             text45        0C42A
___ftge@ff1                         cstackCOMRAM  0003A
___ftge@ff2                         cstackCOMRAM  0003D
___ftmul                            text32        0CB16
___ftmul@cntr                       cstackCOMRAM  00022
___ftmul@exp                        cstackCOMRAM  0001E
___ftmul@f1                         cstackCOMRAM  00015
___ftmul@f2                         cstackCOMRAM  00018
___ftmul@f3_as_product              cstackCOMRAM  0001F
___ftmul@sign                       cstackCOMRAM  00023
___ftneg                            text44        0BEDE
___ftneg@f1                         cstackCOMRAM  00001
___ftpack                           text43        0C77C
___ftpack@arg                       cstackCOMRAM  00001
___ftpack@exp                       cstackCOMRAM  00004
___ftpack@sign                      cstackCOMRAM  00005
___ftsub                            text41        0BFFA
___ftsub@f1                         cstackCOMRAM  0003A
___ftsub@f2                         cstackCOMRAM  0003D
___fttol                            text40        0CA14
___fttol@exp1                       cstackCOMRAM  00039
___fttol@f1                         cstackCOMRAM  0002B
___fttol@lval                       cstackCOMRAM  00035
___fttol@sign1                      cstackCOMRAM  00034
___inthi_sp                         stack         00000
___intlo_sp                         stack         00000
___lbtoft                           text4         0BF02
___lbtoft@c                         cstackCOMRAM  0000C
___lldiv                            text39        0C27C
___lldiv@counter                    cstackCOMRAM  0000D
___lldiv@dividend                   cstackCOMRAM  00001
___lldiv@divisor                    cstackCOMRAM  00005
___lldiv@quotient                   cstackCOMRAM  00009
___llmod                            text38        0C10C
___llmod@counter                    cstackCOMRAM  00016
___llmod@dividend                   cstackCOMRAM  0000E
___llmod@divisor                    cstackCOMRAM  00012
___lltoft                           text37        0C03E
___lltoft@c                         cstackCOMRAM  00009
___lltoft@exp                       cstackCOMRAM  00011
___param_bank                       (abs)         00010
___rparam_used                      (abs)         00001
___sp                               stack         00000
___wmul                             text31        0BF28
___wmul@multiplicand                cstackCOMRAM  00011
___wmul@multiplier                  cstackCOMRAM  0000F
___wmul@product                     cstackCOMRAM  00013
__accesstop                         (abs)         00060
__activetblptr                      (abs)         00002
__div_to_l_                         text36        0D2F0
__div_to_l_@cntr                    cstackCOMRAM  0000B
__div_to_l_@exp1                    cstackCOMRAM  0000C
__div_to_l_@f1                      cstackCOMRAM  00001
__div_to_l_@f2                      cstackCOMRAM  00004
__div_to_l_@quot                    cstackCOMRAM  00007
__end_of_Actualiza_datos            text8         0BF7C
__end_of_Configurar_Dia             text21        0D1BE
__end_of_Configurar_Fecha           text19        0EC70
__end_of_Configurar_Hora            text18        0E318
__end_of_Configurar_Hora_Grl        text17        0E906
__end_of_Configurar_Pantalla        text12        0E5D6
__end_of_Conseguir_Dia              text26        0CA14
__end_of_Encender_Aire_Calefaccion  text10        0C926
__end_of_Encender_Alarma            text7         0BE78
__end_of_Encender_vidriera          text6         0C77C
__end_of_Iniciar_Display            text2         0D95A
__end_of_Lcd_Chr_CP                 text48        0CF66
__end_of_Lcd_Cmd                    text47        0CE42
__end_of_Lcd_Init                   text1         0D08C
__end_of_Lcd_Out                    text46        0C42A
__end_of_Mostrar_DiaYfecha          text5         0DAF0
__end_of_Programar_Temperatura      text16        0C604
__end_of_Read_RTC                   text13        0D7EA
__end_of_RtccReadDate               text15        0C396
__end_of_RtccReadTime               text14        0C10C
__end_of_RtccWrOn                   text25        0BE8A
__end_of_RtccWriteDate              text24        0D6A4
__end_of_RtccWriteTime              text23        0CD24
__end_of_Seleccionar_Dato           text20        0D2F0
__end_of_Write_RTC                  text22        0DC8C
__end_of___awdiv                    text34        0C556
__end_of___awmod                    text33        0C27C
__end_of___awtoft                   text11        0BFB8
__end_of___ftadd                    text42        0DE50
__end_of___ftge                     text45        0C4C0
__end_of___ftmul                    text32        0CC18
__end_of___ftneg                    text44        0BF02
__end_of___ftpack                   text43        0C842
__end_of___ftsub                    text41        0C03E
__end_of___fttol                    text40        0CB16
__end_of___lbtoft                   text4         0BF28
__end_of___lldiv                    text39        0C308
__end_of___llmod                    text38        0C17C
__end_of___lltoft                   text37        0C09E
__end_of___wmul                     text31        0BF50
__end_of__div_to_l_                 text36        0D424
__end_of__initialization            cinit         0BFF0
__end_of__npowers_                  mediumconst   0FE78
__end_of__powers_                   mediumconst   0FE9F
__end_of__tdiv_to_l_                text35        0D55E
__end_of_conseguir_estacion         text3         0C6BA
__end_of_dpowers                    mediumconst   0FE51
__end_of_fround                     text30        0E09E
__end_of_isdigit                    text29        0BEDE
__end_of_lee_ADC                    text9         0BEBC
__end_of_main                       text0         0C1FA
__end_of_scale                      text28        0F06E
__end_of_sprintf                    text27        0FE28
__initialization                    cinit         0BFB8
__mediumconst                       mediumconst   0FE28
__npowers_                          mediumconst   0FE51
__pbssBANK0                         bssBANK0      0009C
__pbssBANK1                         bssBANK1      00100
__pcinit                            cinit         0BFB8
__pcstackBANK0                      cstackBANK0   00060
__pcstackCOMRAM                     cstackCOMRAM  00001
__pdataBANK0                        dataBANK0     000D6
__pidataBANK0                       idataBANK0    0BE8B
__pmediumconst                      mediumconst   0FE28
__pnvBANK0                          nvBANK0       000ED
__powers_                           mediumconst   0FE78
__ptext0                            text0         0C17C
__ptext1                            text1         0CF66
__ptext10                           text10        0C842
__ptext11                           text11        0BF7C
__ptext12                           text12        0E318
__ptext13                           text13        0D6A4
__ptext14                           text14        0C09E
__ptext15                           text15        0C308
__ptext16                           text16        0C556
__ptext17                           text17        0E5D6
__ptext18                           text18        0E09E
__ptext19                           text19        0E906
__ptext2                            text2         0D7EA
__ptext20                           text20        0D1BE
__ptext21                           text21        0D08C
__ptext22                           text22        0DAF0
__ptext23                           text23        0CC18
__ptext24                           text24        0D55E
__ptext25                           text25        0BE78
__ptext26                           text26        0C926
__ptext27                           text27        0F06E
__ptext28                           text28        0EC70
__ptext29                           text29        0BEBC
__ptext3                            text3         0C604
__ptext30                           text30        0DE50
__ptext31                           text31        0BF28
__ptext32                           text32        0CB16
__ptext33                           text33        0C1FA
__ptext34                           text34        0C4C0
__ptext35                           text35        0D424
__ptext36                           text36        0D2F0
__ptext37                           text37        0C03E
__ptext38                           text38        0C10C
__ptext39                           text39        0C27C
__ptext4                            text4         0BF02
__ptext40                           text40        0CA14
__ptext41                           text41        0BFFA
__ptext42                           text42        0DC8C
__ptext43                           text43        0C77C
__ptext44                           text44        0BEDE
__ptext45                           text45        0C42A
__ptext46                           text46        0C396
__ptext47                           text47        0CD24
__ptext48                           text48        0CE42
__ptext5                            text5         0D95A
__ptext6                            text6         0C6BA
__ptext7                            text7         0BE6C
__ptext8                            text8         0BF50
__ptext9                            text9         0BEA2
__ramtop                            ramtop        00F00
__size_of_Actualiza_datos           (abs)         00000
__size_of_Configurar_Dia            (abs)         00000
__size_of_Configurar_Fecha          (abs)         00000
__size_of_Configurar_Hora           (abs)         00000
__size_of_Configurar_Hora_Grl       (abs)         00000
__size_of_Configurar_Pantalla       (abs)         00000
__size_of_Conseguir_Dia             (abs)         00000
__size_of_Encender_Aire_Calefaccion (abs)         00000
__size_of_Encender_Alarma           (abs)         00000
__size_of_Encender_vidriera         (abs)         00000
__size_of_Iniciar_Display           (abs)         00000
__size_of_Lcd_Chr_CP                (abs)         00000
__size_of_Lcd_Cmd                   (abs)         00000
__size_of_Lcd_Init                  (abs)         00000
__size_of_Lcd_Out                   (abs)         00000
__size_of_Mostrar_DiaYfecha         (abs)         00000
__size_of_Programar_Temperatura     (abs)         00000
__size_of_Read_RTC                  (abs)         00000
__size_of_RtccReadDate              (abs)         00000
__size_of_RtccReadTime              (abs)         00000
__size_of_RtccWrOn                  (abs)         00000
__size_of_RtccWriteDate             (abs)         00000
__size_of_RtccWriteTime             (abs)         00000
__size_of_Seleccionar_Dato          (abs)         00000
__size_of_Write_RTC                 (abs)         00000
__size_of___awdiv                   (abs)         00000
__size_of___awmod                   (abs)         00000
__size_of___awtoft                  (abs)         00000
__size_of___ftadd                   (abs)         00000
__size_of___ftge                    (abs)         00000
__size_of___ftmul                   (abs)         00000
__size_of___ftneg                   (abs)         00000
__size_of___ftpack                  (abs)         00000
__size_of___ftsub                   (abs)         00000
__size_of___fttol                   (abs)         00000
__size_of___lbtoft                  (abs)         00000
__size_of___lldiv                   (abs)         00000
__size_of___llmod                   (abs)         00000
__size_of___lltoft                  (abs)         00000
__size_of___wmul                    (abs)         00000
__size_of__div_to_l_                (abs)         00000
__size_of__tdiv_to_l_               (abs)         00000
__size_of_conseguir_estacion        (abs)         00000
__size_of_fround                    (abs)         00000
__size_of_isdigit                   (abs)         00000
__size_of_lee_ADC                   (abs)         00000
__size_of_main                      (abs)         00000
__size_of_scale                     (abs)         00000
__size_of_sprintf                   (abs)         00000
__smallconst                        smallconst    00000
__tdiv_to_l_                        text35        0D424
__tdiv_to_l_@cntr                   cstackCOMRAM  0000E
__tdiv_to_l_@exp1                   cstackCOMRAM  0000F
__tdiv_to_l_@f1                     cstackCOMRAM  00001
__tdiv_to_l_@f2                     cstackCOMRAM  00004
__tdiv_to_l_@quot                   cstackCOMRAM  0000A
_anio                               dataBANK0     000D9
_anio_d                             nvBANK0       000ED
_anio_u                             nvBANK0       000EE
_aux_fecha                          bssBANK0      000A8
_aux_hora                           bssBANK0      000AA
_buffer1                            bssBANK0      000B9
_columna                            bssBANK0      000AC
_config                             bssBANK0      000AE
_conseguir_estacion                 text3         0C604
_dia                                dataBANK0     000DB
_dia_semana                         nvBANK0       000EF
_diasem                             dataBANK0     000DD
_dpowers                            mediumconst   0FE29
_estacion                           bssBANK0      000B0
_fecha_d                            nvBANK0       000F0
_fecha_u                            nvBANK0       000F1
_fila                               bssBANK0      000B2
_fround                             text30        0DE50
_fround$2564                        cstackCOMRAM  0002A
_fround$2565                        cstackCOMRAM  00027
_grados                             dataBANK0     000D6
_hora                               dataBANK0     000DF
_hora_d                             nvBANK0       000F2
_hora_u                             nvBANK0       000F3
_hora_vdr_a                         dataBANK0     000E1
_hora_vdr_c                         dataBANK0     000E3
_isdigit                            text29        0BEBC
_isdigit$2330                       cstackCOMRAM  00002
_lectura                            bssBANK0      000B8
_lectura_temp                       bssBANK0      000D5
_lee_ADC                            text9         0BEA2
_main                               text0         0C17C
_mes                                dataBANK0     000E5
_mes_d                              nvBANK0       000F4
_mes_u                              nvBANK0       000F5
_minuto                             dataBANK0     000E7
_minuto_d                           nvBANK0       000F6
_minuto_u                           nvBANK0       000F7
_minuto_vdr_a                       dataBANK0     000E9
_minuto_vdr_c                       bssBANK0      000B4
_scale                              text28        0EC70
_scale$2566                         cstackCOMRAM  00027
_segundo                            bssBANK0      000B6
_segundo_d                          nvBANK0       000F8
_segundo_u                          nvBANK0       000F9
_sprintf                            text27        0F06E
_sprintf$2567                       cstackBANK0   00060
_temperatura                        dataBANK0     000EB
end_of_initialization               cinit         0BFF0
fround@prec                         cstackCOMRAM  0002D
intlevel0                           text          00000
intlevel1                           text          00000
intlevel2                           text          00000
intlevel3                           text          00000
isdigit@c                           cstackCOMRAM  00003
scale@scl                           cstackCOMRAM  0002A
sprintf@ap                          cstackBANK0   00065
sprintf@c                           cstackBANK0   0007C
sprintf@cp                          cstackBANK0   00063
sprintf@exp                         cstackBANK0   00071
sprintf@f                           cstackCOMRAM  00045
sprintf@flag                        cstackBANK0   00073
sprintf@fval                        cstackBANK0   00075
sprintf@len                         cstackBANK0   00067
sprintf@prec                        cstackBANK0   0007A
sprintf@sp                          cstackCOMRAM  00043
sprintf@tmpval                      cstackBANK0   0006D
sprintf@val                         cstackBANK0   00069
sprintf@width                       cstackBANK0   00078
stackhi                             (abs)         00EBF
stacklo                             (abs)         00110
start                               init          00000
start_initialization                cinit         0BFB8


FUNCTION INFORMATION:

 *************** function _main *****************
 Defined at:
		line 142 in file "../monografia_main.c"
 Parameters:    Size  Location     Type
		None
 Auto vars:     Size  Location     Type
		None
 Return value:  Size  Location     Type
		None               void
 Registers used:
		wreg, fsr0l, fsr0h, fsr2l, fsr2h, status,2, status,0, tblptrl, tblptrh, tblptru, prodl, prodh, cstack
 Tracked objects:
		On entry : 
		On exit  : 
		Unchanged: 
 Data sizes:     COMRAM   BANK0   BANK1   BANK2   BANK3   BANK4   BANK5   BANK6   BANK7   BANK8   BANK9  BANK10  BANK11  BANK12  BANK13  BANK14
      Params:         0       0       0       0       0       0       0       0       0       0       0       0       0       0       0       0
      Locals:         0       0       0       0       0       0       0       0       0       0       0       0       0       0       0       0
      Temps:          0       1       0       0       0       0       0       0       0       0       0       0       0       0       0       0
      Totals:         0       1       0       0       0       0       0       0       0       0       0       0       0       0       0       0
Total ram usage:        1 bytes
 Hardware stack levels required when called:    7
 This function calls:
		_Configurar_Pantalla
		_Iniciar_Display
		_Lcd_Cmd
		_Lcd_Init
		_Write_RTC
 This function is called by:
		Startup code after reset
 This function uses a non-reentrant model


 *************** function _Lcd_Init *****************
 Defined at:
		line 42 in file "../lcd.h"
 Parameters:    Size  Location     Type
		None
 Auto vars:     Size  Location     Type
  data            1    4[COMRAM] unsigned char 
 Return value:  Size  Location     Type
		None               void
 Registers used:
		wreg, status,2, status,0, cstack
 Tracked objects:
		On entry : 
		On exit  : 
		Unchanged: 
 Data sizes:     COMRAM   BANK0   BANK1   BANK2   BANK3   BANK4   BANK5   BANK6   BANK7   BANK8   BANK9  BANK10  BANK11  BANK12  BANK13  BANK14
      Params:         0       0       0       0       0       0       0       0       0       0       0       0       0       0       0       0
      Locals:         1       0       0       0       0       0       0       0       0       0       0       0       0       0       0       0
      Temps:          1       0       0       0       0       0       0       0       0       0       0       0       0       0       0       0
      Totals:         2       0       0       0       0       0       0       0       0       0       0       0       0       0       0       0
Total ram usage:        2 bytes
 Hardware stack levels used:    1
 Hardware stack levels required when called:    1
 This function calls:
		_Lcd_Cmd
 This function is called by:
		_main
 This function uses a non-reentrant model


 *************** function _Iniciar_Display *****************
 Defined at:
		line 182 in file "../monografia_main.c"
 Parameters:    Size  Location     Type
		None
 Auto vars:     Size  Location     Type
		None
 Return value:  Size  Location     Type
		None               void
 Registers used:
		wreg, fsr0l, fsr0h, fsr2l, fsr2h, status,2, status,0, tblptrl, tblptrh, tblptru, prodl, prodh, cstack
 Tracked objects:
		On entry : 
		On exit  : 
		Unchanged: 
 Data sizes:     COMRAM   BANK0   BANK1   BANK2   BANK3   BANK4   BANK5   BANK6   BANK7   BANK8   BANK9  BANK10  BANK11  BANK12  BANK13  BANK14
      Params:         0       0       0       0       0       0       0       0       0       0       0       0       0       0       0       0
      Locals:         0       0       0       0       0       0       0       0       0       0       0       0       0       0       0       0
      Temps:          0       0       0       0       0       0       0       0       0       0       0       0       0       0       0       0
      Totals:         0       0       0       0       0       0       0       0       0       0       0       0       0       0       0       0
Total ram usage:        0 bytes
 Hardware stack levels used:    1
 Hardware stack levels required when called:    5
 This function calls:
		_Actualiza_datos
		_Encender_Aire_Calefaccion
		_Encender_Alarma
		_Encender_vidriera
		_Lcd_Out
		_Mostrar_DiaYfecha
		___ftmul
		___lbtoft
		_conseguir_estacion
		_sprintf
 This function is called by:
		_main
 This function uses a non-reentrant model


 *************** function _conseguir_estacion *****************
 Defined at:
		line 596 in file "../monografia_main.c"
 Parameters:    Size  Location     Type
		None
 Auto vars:     Size  Location     Type
		None
 Return value:  Size  Location     Type
		None               void
 Registers used:
		wreg, status,2, status,0
 Tracked objects:
		On entry : 
		On exit  : 
		Unchanged: 
 Data sizes:     COMRAM   BANK0   BANK1   BANK2   BANK3   BANK4   BANK5   BANK6   BANK7   BANK8   BANK9  BANK10  BANK11  BANK12  BANK13  BANK14
      Params:         0       0       0       0       0       0       0       0       0       0       0       0       0       0       0       0
      Locals:         0       0       0       0       0       0       0       0       0       0       0       0       0       0       0       0
      Temps:          0       0       0       0       0       0       0       0       0       0       0       0       0       0       0       0
      Totals:         0       0       0       0       0       0       0       0       0       0       0       0       0       0       0       0
Total ram usage:        0 bytes
 Hardware stack levels used:    1
 This function calls:
		Nothing
 This function is called by:
		_Iniciar_Display
 This function uses a non-reentrant model


 *************** function ___lbtoft *****************
 Defined at:
		line 27 in file "C:\Program Files (x86)\Microchip\xc8\v1.34\sources\common\lbtoft.c"
 Parameters:    Size  Location     Type
  c               1    wreg     unsigned char 
 Auto vars:     Size  Location     Type
  c               1   11[COMRAM] unsigned char 
 Return value:  Size  Location     Type
                  3    8[COMRAM] float 
 Registers used:
		wreg, status,2, status,0, cstack
 Tracked objects:
		On entry : 
		On exit  : 
		Unchanged: 
 Data sizes:     COMRAM   BANK0   BANK1   BANK2   BANK3   BANK4   BANK5   BANK6   BANK7   BANK8   BANK9  BANK10  BANK11  BANK12  BANK13  BANK14
      Params:         3       0       0       0       0       0       0       0       0       0       0       0       0       0       0       0
      Locals:         1       0       0       0       0       0       0       0       0       0       0       0       0       0       0       0
      Temps:          0       0       0       0       0       0       0       0       0       0       0       0       0       0       0       0
      Totals:         4       0       0       0       0       0       0       0       0       0       0       0       0       0       0       0
Total ram usage:        4 bytes
 Hardware stack levels used:    1
 Hardware stack levels required when called:    1
 This function calls:
		___ftpack
 This function is called by:
		_Iniciar_Display
 This function uses a non-reentrant model


 *************** function _Mostrar_DiaYfecha *****************
 Defined at:
		line 210 in file "../monografia_main.c"
 Parameters:    Size  Location     Type
  fila            2   84[COMRAM] int 
  columna         2   86[COMRAM] int 
 Auto vars:     Size  Location     Type
		None
 Return value:  Size  Location     Type
		None               void
 Registers used:
		wreg, fsr0l, fsr0h, fsr2l, fsr2h, status,2, status,0, tblptrl, tblptrh, tblptru, prodl, prodh, cstack
 Tracked objects:
		On entry : 
		On exit  : 
		Unchanged: 
 Data sizes:     COMRAM   BANK0   BANK1   BANK2   BANK3   BANK4   BANK5   BANK6   BANK7   BANK8   BANK9  BANK10  BANK11  BANK12  BANK13  BANK14
      Params:         4       0       0       0       0       0       0       0       0       0       0       0       0       0       0       0
      Locals:         0       0       0       0       0       0       0       0       0       0       0       0       0       0       0       0
      Temps:          2       0       0       0       0       0       0       0       0       0       0       0       0       0       0       0
      Totals:         6       0       0       0       0       0       0       0       0       0       0       0       0       0       0       0
Total ram usage:        6 bytes
 Hardware stack levels used:    1
 Hardware stack levels required when called:    4
 This function calls:
		_Lcd_Out
		_sprintf
 This function is called by:
		_Iniciar_Display
 This function uses a non-reentrant model


 *************** function _Encender_vidriera *****************
 Defined at:
		line 746 in file "../monografia_main.c"
 Parameters:    Size  Location     Type
		None
 Auto vars:     Size  Location     Type
		None
 Return value:  Size  Location     Type
		None               void
 Registers used:
		wreg, status,2, status,0
 Tracked objects:
		On entry : 
		On exit  : 
		Unchanged: 
 Data sizes:     COMRAM   BANK0   BANK1   BANK2   BANK3   BANK4   BANK5   BANK6   BANK7   BANK8   BANK9  BANK10  BANK11  BANK12  BANK13  BANK14
      Params:         0       0       0       0       0       0       0       0       0       0       0       0       0       0       0       0
      Locals:         0       0       0       0       0       0       0       0       0       0       0       0       0       0       0       0
      Temps:          1       0       0       0       0       0       0       0       0       0       0       0       0       0       0       0
      Totals:         1       0       0       0       0       0       0       0       0       0       0       0       0       0       0       0
Total ram usage:        1 bytes
 Hardware stack levels used:    1
 This function calls:
		Nothing
 This function is called by:
		_Iniciar_Display
 This function uses a non-reentrant model


 *************** function _Encender_Alarma *****************
 Defined at:
		line 775 in file "../monografia_main.c"
 Parameters:    Size  Location     Type
		None
 Auto vars:     Size  Location     Type
		None
 Return value:  Size  Location     Type
		None               void
 Registers used:
		None
 Tracked objects:
		On entry : 
		On exit  : 
		Unchanged: 
 Data sizes:     COMRAM   BANK0   BANK1   BANK2   BANK3   BANK4   BANK5   BANK6   BANK7   BANK8   BANK9  BANK10  BANK11  BANK12  BANK13  BANK14
      Params:         0       0       0       0       0       0       0       0       0       0       0       0       0       0       0       0
      Locals:         0       0       0       0       0       0       0       0       0       0       0       0       0       0       0       0
      Temps:          0       0       0       0       0       0       0       0       0       0       0       0       0       0       0       0
      Totals:         0       0       0       0       0       0       0       0       0       0       0       0       0       0       0       0
Total ram usage:        0 bytes
 Hardware stack levels used:    1
 This function calls:
		Nothing
 This function is called by:
		_Iniciar_Display
 This function uses a non-reentrant model


 *************** function _Actualiza_datos *****************
 Defined at:
		line 872 in file "../monografia_main.c"
 Parameters:    Size  Location     Type
		None
 Auto vars:     Size  Location     Type
  i               2   69[COMRAM] int 
 Return value:  Size  Location     Type
		None               void
 Registers used:
		wreg, fsr2l, fsr2h, status,2, status,0, prodl, prodh, cstack
 Tracked objects:
		On entry : 
		On exit  : 
		Unchanged: 
 Data sizes:     COMRAM   BANK0   BANK1   BANK2   BANK3   BANK4   BANK5   BANK6   BANK7   BANK8   BANK9  BANK10  BANK11  BANK12  BANK13  BANK14
      Params:         0       0       0       0       0       0       0       0       0       0       0       0       0       0       0       0
      Locals:         2       0       0       0       0       0       0       0       0       0       0       0       0       0       0       0
      Temps:          0       0       0       0       0       0       0       0       0       0       0       0       0       0       0       0
      Totals:         2       0       0       0       0       0       0       0       0       0       0       0       0       0       0       0
Total ram usage:        2 bytes
 Hardware stack levels used:    1
 Hardware stack levels required when called:    3
 This function calls:
		_Encender_Aire_Calefaccion
		_Read_RTC
		_lee_ADC
 This function is called by:
		_Iniciar_Display
 This function uses a non-reentrant model


 *************** function _lee_ADC *****************
 Defined at:
		line 858 in file "../monografia_main.c"
 Parameters:    Size  Location     Type
		None
 Auto vars:     Size  Location     Type
		None
 Return value:  Size  Location     Type
		None               void
 Registers used:
		wreg
 Tracked objects:
		On entry : 
		On exit  : 
		Unchanged: 
 Data sizes:     COMRAM   BANK0   BANK1   BANK2   BANK3   BANK4   BANK5   BANK6   BANK7   BANK8   BANK9  BANK10  BANK11  BANK12  BANK13  BANK14
      Params:         0       0       0       0       0       0       0       0       0       0       0       0       0       0       0       0
      Locals:         0       0       0       0       0       0       0       0       0       0       0       0       0       0       0       0
      Temps:          0       0       0       0       0       0       0       0       0       0       0       0       0       0       0       0
      Totals:         0       0       0       0       0       0       0       0       0       0       0       0       0       0       0       0
Total ram usage:        0 bytes
 Hardware stack levels used:    1
 This function calls:
		Nothing
 This function is called by:
		_Actualiza_datos
 This function uses a non-reentrant model


 *************** function _Encender_Aire_Calefaccion *****************
 Defined at:
		line 639 in file "../monografia_main.c"
 Parameters:    Size  Location     Type
		None
 Auto vars:     Size  Location     Type
  aux_temp        3   66[COMRAM] float 
 Return value:  Size  Location     Type
		None               void
 Registers used:
		wreg, status,2, status,0, cstack
 Tracked objects:
		On entry : 
		On exit  : 
		Unchanged: 
 Data sizes:     COMRAM   BANK0   BANK1   BANK2   BANK3   BANK4   BANK5   BANK6   BANK7   BANK8   BANK9  BANK10  BANK11  BANK12  BANK13  BANK14
      Params:         0       0       0       0       0       0       0       0       0       0       0       0       0       0       0       0
      Locals:         3       0       0       0       0       0       0       0       0       0       0       0       0       0       0       0
      Temps:          0       0       0       0       0       0       0       0       0       0       0       0       0       0       0       0
      Totals:         3       0       0       0       0       0       0       0       0       0       0       0       0       0       0       0
Total ram usage:        3 bytes
 Hardware stack levels used:    1
 Hardware stack levels required when called:    2
 This function calls:
		___awtoft
		___ftadd
		___ftge
 This function is called by:
		_Iniciar_Display
		_Actualiza_datos
 This function uses a non-reentrant model


 *************** function ___awtoft *****************
 Defined at:
		line 32 in file "C:\Program Files (x86)\Microchip\xc8\v1.34\sources\common\awtoft.c"
 Parameters:    Size  Location     Type
  c               2    8[COMRAM] int 
 Auto vars:     Size  Location     Type
  sign            1   11[COMRAM] unsigned char 
 Return value:  Size  Location     Type
                  3    8[COMRAM] float 
 Registers used:
		wreg, status,2, status,0, cstack
 Tracked objects:
		On entry : 
		On exit  : 
		Unchanged: 
 Data sizes:     COMRAM   BANK0   BANK1   BANK2   BANK3   BANK4   BANK5   BANK6   BANK7   BANK8   BANK9  BANK10  BANK11  BANK12  BANK13  BANK14
      Params:         3       0       0       0       0       0       0       0       0       0       0       0       0       0       0       0
      Locals:         1       0       0       0       0       0       0       0       0       0       0       0       0       0       0       0
      Temps:          0       0       0       0       0       0       0       0       0       0       0       0       0       0       0       0
      Totals:         4       0       0       0       0       0       0       0       0       0       0       0       0       0       0       0
Total ram usage:        4 bytes
 Hardware stack levels used:    1
 Hardware stack levels required when called:    1
 This function calls:
		___ftpack
 This function is called by:
		_Encender_Aire_Calefaccion
 This function uses a non-reentrant model


 *************** function _Configurar_Pantalla *****************
 Defined at:
		line 253 in file "../monografia_main.c"
 Parameters:    Size  Location     Type
		None
 Auto vars:     Size  Location     Type
  tipo_hora       2   57[BANK0 ] int 
  tipo_hora       2   55[BANK0 ] int 
 Return value:  Size  Location     Type
		None               void
 Registers used:
		wreg, fsr0l, fsr0h, fsr2l, fsr2h, status,2, status,0, tblptrl, tblptrh, tblptru, prodl, prodh, cstack
 Tracked objects:
		On entry : 
		On exit  : 
		Unchanged: 
 Data sizes:     COMRAM   BANK0   BANK1   BANK2   BANK3   BANK4   BANK5   BANK6   BANK7   BANK8   BANK9  BANK10  BANK11  BANK12  BANK13  BANK14
      Params:         0       0       0       0       0       0       0       0       0       0       0       0       0       0       0       0
      Locals:         0       4       0       0       0       0       0       0       0       0       0       0       0       0       0       0
[...]
                  4   42[COMRAM] long 
 Registers used:
		wreg, status,2, status,0
 Tracked objects:
		On entry : 
		On exit  : 
		Unchanged: 
 Data sizes:     COMRAM   BANK0   BANK1   BANK2   BANK3   BANK4   BANK5   BANK6   BANK7   BANK8   BANK9  BANK10  BANK11  BANK12  BANK13  BANK14
      Params:         4       0       0       0       0       0       0       0       0       0       0       0       0       0       0       0
      Locals:         6       0       0       0       0       0       0       0       0       0       0       0       0       0       0       0
      Temps:          5       0       0       0       0       0       0       0       0       0       0       0       0       0       0       0
      Totals:        15       0       0       0       0       0       0       0       0       0       0       0       0       0       0       0
Total ram usage:       15 bytes
 Hardware stack levels used:    1
 This function calls:
		Nothing
 This function is called by:
		_sprintf
 This function uses a non-reentrant model


 *************** function ___ftsub *****************
 Defined at:
		line 20 in file "C:\Program Files (x86)\Microchip\xc8\v1.34\sources\common\ftsub.c"
 Parameters:    Size  Location     Type
  f1              3   57[COMRAM] float 
  f2              3   60[COMRAM] float 
 Auto vars:     Size  Location     Type
		None
 Return value:  Size  Location     Type
                  3   57[COMRAM] float 
 Registers used:
		wreg, status,2, status,0, cstack
 Tracked objects:
		On entry : 
		On exit  : 
		Unchanged: 
 Data sizes:     COMRAM   BANK0   BANK1   BANK2   BANK3   BANK4   BANK5   BANK6   BANK7   BANK8   BANK9  BANK10  BANK11  BANK12  BANK13  BANK14
      Params:         6       0       0       0       0       0       0       0       0       0       0       0       0       0       0       0
      Locals:         0       0       0       0       0       0       0       0       0       0       0       0       0       0       0       0
      Temps:          0       0       0       0       0       0       0       0       0       0       0       0       0       0       0       0
      Totals:         6       0       0       0       0       0       0       0       0       0       0       0       0       0       0       0
Total ram usage:        6 bytes
 Hardware stack levels used:    1
 Hardware stack levels required when called:    2
 This function calls:
		___ftadd
 This function is called by:
		_sprintf
 This function uses a non-reentrant model


 *************** function ___ftadd *****************
 Defined at:
		line 86 in file "C:\Program Files (x86)\Microchip\xc8\v1.34\sources\common\ftadd.c"
 Parameters:    Size  Location     Type
  f1              3   45[COMRAM] float 
  f2              3   48[COMRAM] float 
 Auto vars:     Size  Location     Type
  exp1            1   56[COMRAM] unsigned char 
  exp2            1   55[COMRAM] unsigned char 
  sign            1   54[COMRAM] unsigned char 
 Return value:  Size  Location     Type
                  3   45[COMRAM] float 
 Registers used:
		wreg, status,2, status,0, cstack
 Tracked objects:
		On entry : 
		On exit  : 
		Unchanged: 
 Data sizes:     COMRAM   BANK0   BANK1   BANK2   BANK3   BANK4   BANK5   BANK6   BANK7   BANK8   BANK9  BANK10  BANK11  BANK12  BANK13  BANK14
      Params:         6       0       0       0       0       0       0       0       0       0       0       0       0       0       0       0
      Locals:         3       0       0       0       0       0       0       0       0       0       0       0       0       0       0       0
      Temps:          3       0       0       0       0       0       0       0       0       0       0       0       0       0       0       0
      Totals:        12       0       0       0       0       0       0       0       0       0       0       0       0       0       0       0
Total ram usage:       12 bytes
 Hardware stack levels used:    1
 Hardware stack levels required when called:    1
 This function calls:
		___ftpack
 This function is called by:
		_Encender_Aire_Calefaccion
		_sprintf
		___ftsub
 This function uses a non-reentrant model


 *************** function ___ftpack *****************
 Defined at:
		line 62 in file "C:\Program Files (x86)\Microchip\xc8\v1.34\sources\common\float.c"
 Parameters:    Size  Location     Type
  arg             3    0[COMRAM] unsigned um
  exp             1    3[COMRAM] unsigned char 
  sign            1    4[COMRAM] unsigned char 
 Auto vars:     Size  Location     Type
		None
 Return value:  Size  Location     Type
                  3    0[COMRAM] float 
 Registers used:
		wreg, status,2, status,0
 Tracked objects:
		On entry : 
		On exit  : 
		Unchanged: 
 Data sizes:     COMRAM   BANK0   BANK1   BANK2   BANK3   BANK4   BANK5   BANK6   BANK7   BANK8   BANK9  BANK10  BANK11  BANK12  BANK13  BANK14
      Params:         5       0       0       0       0       0       0       0       0       0       0       0       0       0       0       0
      Locals:         0       0       0       0       0       0       0       0       0       0       0       0       0       0       0       0
      Temps:          3       0       0       0       0       0       0       0       0       0       0       0       0       0       0       0
      Totals:         8       0       0       0       0       0       0       0       0       0       0       0       0       0       0       0
Total ram usage:        8 bytes
 Hardware stack levels used:    1
 This function calls:
		Nothing
 This function is called by:
		___awtoft
		___ftadd
		___ftmul
		___lbtoft
		___lltoft
 This function uses a non-reentrant model


 *************** function ___ftneg *****************
 Defined at:
		line 15 in file "C:\Program Files (x86)\Microchip\xc8\v1.34\sources\common\ftneg.c"
 Parameters:    Size  Location     Type
  f1              3    0[COMRAM] float 
 Auto vars:     Size  Location     Type
		None
 Return value:  Size  Location     Type
                  3    0[COMRAM] float 
 Registers used:
		wreg, status,2, status,0
 Tracked objects:
		On entry : 
		On exit  : 
		Unchanged: 
 Data sizes:     COMRAM   BANK0   BANK1   BANK2   BANK3   BANK4   BANK5   BANK6   BANK7   BANK8   BANK9  BANK10  BANK11  BANK12  BANK13  BANK14
      Params:         3       0       0       0       0       0       0       0       0       0       0       0       0       0       0       0
      Locals:         0       0       0       0       0       0       0       0       0       0       0       0       0       0       0       0
      Temps:          0       0       0       0       0       0       0       0       0       0       0       0       0       0       0       0
      Totals:         3       0       0       0       0       0       0       0       0       0       0       0       0       0       0       0
Total ram usage:        3 bytes
 Hardware stack levels used:    1
 This function calls:
		Nothing
 This function is called by:
		_sprintf
 This function uses a non-reentrant model


 *************** function ___ftge *****************
 Defined at:
		line 4 in file "C:\Program Files (x86)\Microchip\xc8\v1.34\sources\common\ftge.c"
 Parameters:    Size  Location     Type
  ff1             3   57[COMRAM] float 
  ff2             3   60[COMRAM] float 
 Auto vars:     Size  Location     Type
		None
 Return value:  Size  Location     Type
		None               void
 Registers used:
		wreg, status,2, status,0
 Tracked objects:
		On entry : 
		On exit  : 
		Unchanged: 
 Data sizes:     COMRAM   BANK0   BANK1   BANK2   BANK3   BANK4   BANK5   BANK6   BANK7   BANK8   BANK9  BANK10  BANK11  BANK12  BANK13  BANK14
      Params:         6       0       0       0       0       0       0       0       0       0       0       0       0       0       0       0
      Locals:         0       0       0       0       0       0       0       0       0       0       0       0       0       0       0       0
      Temps:          3       0       0       0       0       0       0       0       0       0       0       0       0       0       0       0
      Totals:         9       0       0       0       0       0       0       0       0       0       0       0       0       0       0       0
Total ram usage:        9 bytes
 Hardware stack levels used:    1
 This function calls:
		Nothing
 This function is called by:
		_Encender_Aire_Calefaccion
		_sprintf
 This function uses a non-reentrant model


 *************** function _Lcd_Out *****************
 Defined at:
		line 84 in file "../lcd.h"
 Parameters:    Size  Location     Type
  y               1    wreg     unsigned char 
  x               1    3[COMRAM] unsigned char 
  buffer          2    4[COMRAM] PTR const unsigned char 
		 -> STR_46(1), STR_45(1), STR_44(1), STR_43(1), 
		 -> STR_31(1), STR_29(1), STR_27(1), STR_26(1), 
		 -> STR_25(1), STR_24(1), STR_23(1), STR_22(1), 
		 -> STR_21(1), STR_20(1), STR_19(1), STR_18(1), 
		 -> STR_13(20), buffer1(20), 
 Auto vars:     Size  Location     Type
  y               1    6[COMRAM] unsigned char 
  data            1    7[COMRAM] unsigned char 
 Return value:  Size  Location     Type
		None               void
 Registers used:
		wreg, fsr0l, fsr0h, status,2, status,0, tblptrl, tblptrh, tblptru, cstack
 Tracked objects:
		On entry : 
		On exit  : 
		Unchanged: 
 Data sizes:     COMRAM   BANK0   BANK1   BANK2   BANK3   BANK4   BANK5   BANK6   BANK7   BANK8   BANK9  BANK10  BANK11  BANK12  BANK13  BANK14
      Params:         3       0       0       0       0       0       0       0       0       0       0       0       0       0       0       0
      Locals:         2       0       0       0       0       0       0       0       0       0       0       0       0       0       0       0
      Temps:          0       0       0       0       0       0       0       0       0       0       0       0       0       0       0       0
      Totals:         5       0       0       0       0       0       0       0       0       0       0       0       0       0       0       0
Total ram usage:        5 bytes
 Hardware stack levels used:    1
 Hardware stack levels required when called:    1
 This function calls:
		_Lcd_Chr_CP
		_Lcd_Cmd
 This function is called by:
		_Iniciar_Display
		_Mostrar_DiaYfecha
		_Configurar_Pantalla
		_Configurar_Dia
		_Configurar_Fecha
		_Configurar_Hora
		_Seleccionar_Dato
		_Conseguir_Dia
		_Programar_Temperatura
		_Configurar_Hora_Grl
 This function uses a non-reentrant model


 *************** function _Lcd_Cmd *****************
 Defined at:
		line 140 in file "../lcd.h"
 Parameters:    Size  Location     Type
  data            1    wreg     unsigned char 
 Auto vars:     Size  Location     Type
  data            1    2[COMRAM] unsigned char 
 Return value:  Size  Location     Type
		None               void
 Registers used:
		wreg, status,2, status,0
 Tracked objects:
		On entry : 
		On exit  : 
		Unchanged: 
 Data sizes:     COMRAM   BANK0   BANK1   BANK2   BANK3   BANK4   BANK5   BANK6   BANK7   BANK8   BANK9  BANK10  BANK11  BANK12  BANK13  BANK14
      Params:         0       0       0       0       0       0       0       0       0       0       0       0       0       0       0       0
      Locals:         1       0       0       0       0       0       0       0       0       0       0       0       0       0       0       0
      Temps:          2       0       0       0       0       0       0       0       0       0       0       0       0       0       0       0
      Totals:         3       0       0       0       0       0       0       0       0       0       0       0       0       0       0       0
Total ram usage:        3 bytes
 Hardware stack levels used:    1
 This function calls:
		Nothing
 This function is called by:
		_Lcd_Init
		_Lcd_Out
		_main
		_Configurar_Pantalla
		_Configurar_Dia
		_Configurar_Hora
		_Seleccionar_Dato
		_Configurar_Hora_Grl
		_Lcd_Out2
 This function uses a non-reentrant model


 *************** function _Lcd_Chr_CP *****************
 Defined at:
		line 126 in file "../lcd.h"
 Parameters:    Size  Location     Type
  data            1    wreg     unsigned char 
 Auto vars:     Size  Location     Type
  data            1    2[COMRAM] unsigned char 
 Return value:  Size  Location     Type
		None               void
 Registers used:
		wreg, status,2, status,0
 Tracked objects:
		On entry : 
		On exit  : 
		Unchanged: 
 Data sizes:     COMRAM   BANK0   BANK1   BANK2   BANK3   BANK4   BANK5   BANK6   BANK7   BANK8   BANK9  BANK10  BANK11  BANK12  BANK13  BANK14
      Params:         0       0       0       0       0       0       0       0       0       0       0       0       0       0       0       0
      Locals:         1       0       0       0       0       0       0       0       0       0       0       0       0       0       0       0
      Temps:          2       0       0       0       0       0       0       0       0       0       0       0       0       0       0       0
      Totals:         3       0       0       0       0       0       0       0       0       0       0       0       0       0       0       0
Total ram usage:        3 bytes
 Hardware stack levels used:    1
 This function calls:
		Nothing
 This function is called by:
		_Lcd_Out
		_Lcd_Out2
 This function uses a non-reentrant model



MODULE INFORMATION

Module		Function		Class		Link	Load	Size
C:\Program Files (x86)\Microchip\xc8\v1.34\sources\common\ftge.c
		___ftge        		CODE           	C42A	0000	151

C:\Program Files (x86)\Microchip\xc8\v1.34\sources\common\ftge.c estimated size: 151

C:\Program Files (x86)\Microchip\xc8\v1.34\sources\pic18\plib\rtcc\RtccReadDate.c
		_RtccReadDate  		CODE           	C308	0000	143

C:\Program Files (x86)\Microchip\xc8\v1.34\sources\pic18\plib\rtcc\RtccReadDate.c estimated size: 143

C:\Program Files (x86)\Microchip\xc8\v1.34\sources\common\ftdivl.c
		__tdiv_to_l_   		CODE           	D424	0000	315

C:\Program Files (x86)\Microchip\xc8\v1.34\sources\common\ftdivl.c estimated size: 315

../monografia_main.c
		_conseguir_esta		CODE           	C604	0000	183
		_Encender_vidri		CODE           	C6BA	0000	195
		_Programar_Temp		CODE           	C556	0000	175
		_Configurar_Hor		CODE           	E09E	0000	635
		_Conseguir_Dia 		CODE           	C926	0000	239
		_Read_RTC      		CODE           	D6A4	0000	327
		_Encender_Aire_		CODE           	C842	0000	229
		_main          		CODE           	C17C	0000	127
		_Write_RTC     		CODE           	DAF0	0000	413
		_Configurar_Pan		CODE           	E318	0000	703
		_Encender_Alarm		CODE           	BE6C	0000	13
		_Configurar_Hor		CODE           	E5D6	0000	817
		_lee_ADC       		CODE           	BEA2	0000	27
		_Actualiza_dato		CODE           	BF50	0000	45
		_Iniciar_Displa		CODE           	D7EA	0000	369
		_Configurar_Fec		CODE           	E906	0000	875
		_Mostrar_DiaYfe		CODE           	D95A	0000	407
		_Configurar_Dia		CODE           	D08C	0000	307
		_Seleccionar_Da		CODE           	D1BE	0000	307

../monografia_main.c estimated size: 6393

C:\Program Files (x86)\Microchip\xc8\v1.34\sources\pic18\plib\rtcc\RtccWriteTime.c
		_RtccWriteTime 		CODE           	CC18	0000	269

C:\Program Files (x86)\Microchip\xc8\v1.34\sources\pic18\plib\rtcc\RtccWriteTime.c estimated size: 269

C:\Program Files (x86)\Microchip\xc8\v1.34\sources\common\ftneg.c
		___ftneg       		CODE           	BEDE	0000	37

C:\Program Files (x86)\Microchip\xc8\v1.34\sources\common\ftneg.c estimated size: 37

C:\Program Files (x86)\Microchip\xc8\v1.34\sources\common\fldivl.c
		__div_to_l_    		CODE           	D2F0	0000	309

C:\Program Files (x86)\Microchip\xc8\v1.34\sources\common\fldivl.c estimated size: 309

C:\Program Files (x86)\Microchip\xc8\v1.34\sources\common\ftsub.c
		___ftsub       		CODE           	BFFA	0000	69

C:\Program Files (x86)\Microchip\xc8\v1.34\sources\common\ftsub.c estimated size: 69

C:\Program Files (x86)\Microchip\xc8\v1.34\sources\common\float.c
		___ftpack      		CODE           	C77C	0000	199

C:\Program Files (x86)\Microchip\xc8\v1.34\sources\common\float.c estimated size: 199

../lcd.h
		_Lcd_Init      		CODE           	CF66	0000	295
		_Lcd_Out       		CODE           	C396	0000	149
		_Lcd_Chr_CP    		CODE           	CE42	0000	293
		_Lcd_Cmd       		CODE           	CD24	0000	287

../lcd.h estimated size: 1024

C:\Program Files (x86)\Microchip\xc8\v1.34\sources\pic18\plib\rtcc\RtccWrOn.c
		_RtccWrOn      		CODE           	BE78	0000	19

C:\Program Files (x86)\Microchip\xc8\v1.34\sources\pic18\plib\rtcc\RtccWrOn.c estimated size: 19

C:\Program Files (x86)\Microchip\xc8\v1.34\sources\common\awmod.c
		___awmod       		CODE           	C1FA	0000	131

C:\Program Files (x86)\Microchip\xc8\v1.34\sources\common\awmod.c estimated size: 131

C:\Program Files (x86)\Microchip\xc8\v1.34\sources\common\llmod.c
		___llmod       		CODE           	C10C	0000	113

C:\Program Files (x86)\Microchip\xc8\v1.34\sources\common\llmod.c estimated size: 113

C:\Program Files (x86)\Microchip\xc8\v1.34\sources\pic18\plib\rtcc\RtccReadTime.c
		_RtccReadTime  		CODE           	C09E	0000	111

C:\Program Files (x86)\Microchip\xc8\v1.34\sources\pic18\plib\rtcc\RtccReadTime.c estimated size: 111

C:\Program Files (x86)\Microchip\xc8\v1.34\sources\common\awtoft.c
		___awtoft      		CODE           	BF7C	0000	61

C:\Program Files (x86)\Microchip\xc8\v1.34\sources\common\awtoft.c estimated size: 61

C:\Program Files (x86)\Microchip\xc8\v1.34\sources\common\lbtoft.c
		___lbtoft      		CODE           	BF02	0000	39

C:\Program Files (x86)\Microchip\xc8\v1.34\sources\common\lbtoft.c estimated size: 39

C:\Program Files (x86)\Microchip\xc8\v1.34\sources\common\ftmul.c
		___ftmul       		CODE           	CB16	0000	259

C:\Program Files (x86)\Microchip\xc8\v1.34\sources\common\ftmul.c estimated size: 259

C:\Program Files (x86)\Microchip\xc8\v1.34\sources\common\isdigit.c
		_isdigit       		CODE           	BEBC	0000	35

C:\Program Files (x86)\Microchip\xc8\v1.34\sources\common\isdigit.c estimated size: 35

C:\Program Files (x86)\Microchip\xc8\v1.34\sources\common\lltoft.c
		___lltoft      		CODE           	C03E	0000	97

C:\Program Files (x86)\Microchip\xc8\v1.34\sources\common\lltoft.c estimated size: 97

shared
		__powers_      		MEDIUMCONST    	FE78	0000	40
		_dpowers       		MEDIUMCONST    	FE29	0000	41
		__npowers_     		MEDIUMCONST    	FE51	0000	40
		__initializatio		CODE           	BFB8	0000	57

shared estimated size: 178

C:\Program Files (x86)\Microchip\xc8\v1.34\sources\common\awdiv.c
		___awdiv       		CODE           	C4C0	0000	151

C:\Program Files (x86)\Microchip\xc8\v1.34\sources\common\awdiv.c estimated size: 151

C:\Program Files (x86)\Microchip\xc8\v1.34\sources\common\lldiv.c
		___lldiv       		CODE           	C27C	0000	141

C:\Program Files (x86)\Microchip\xc8\v1.34\sources\common\lldiv.c estimated size: 141

C:\Program Files (x86)\Microchip\xc8\v1.34\sources\common\doprnt.c
		_scale         		CODE           	EC70	0000	1023
		_sprintf       		CODE           	F06E	0000	3515
		_fround        		CODE           	DE50	0000	591

C:\Program Files (x86)\Microchip\xc8\v1.34\sources\common\doprnt.c estimated size: 5129

C:\Program Files (x86)\Microchip\xc8\v1.34\sources\pic18\plib\rtcc\RtccWriteDate.c
		_RtccWriteDate 		CODE           	D55E	0000	327

C:\Program Files (x86)\Microchip\xc8\v1.34\sources\pic18\plib\rtcc\RtccWriteDate.c estimated size: 327

C:\Program Files (x86)\Microchip\xc8\v1.34\sources\common\fttol.c
		___fttol       		CODE           	CA14	0000	259

C:\Program Files (x86)\Microchip\xc8\v1.34\sources\common\fttol.c estimated size: 259

C:\Program Files (x86)\Microchip\xc8\v1.34\sources\common\Umul16.c
		___wmul        		CODE           	BF28	0000	41

C:\Program Files (x86)\Microchip\xc8\v1.34\sources\common\Umul16.c estimated size: 41

C:\Program Files (x86)\Microchip\xc8\v1.34\sources\common\ftadd.c
		___ftadd       		CODE           	DC8C	0000	453

C:\Program Files (x86)\Microchip\xc8\v1.34\sources\common\ftadd.c estimated size: 453

